// Jest Snapshot v1, https://goo.gl/fbAQLP

exports[`<Card /> wrapper should match snapshot 1`] = `ShallowWrapper {}`;
