// Jest Snapshot v1, https://goo.gl/fbAQLP

exports[`<Dashboard /> wrapper should match snapshot 1`] = `ShallowWrapper {}`;
